A,B,C,<bA>,b'
a,b
A
A->a
A->b
A->A<bA>
<bA>->b'A
b'->b
B->a
B->b
B->A<bA>
C->a
C->b
C->A<bA>