A,B,C
a,b
A
A->a
A->b
A->AbA
B->a
B->b
B->AbA
C->a
C->b
C->AbA