<Ab>,<abA>,<bA>,<babA>,A,B,C,a',b',<bb>
a,b
A
<Ab>->Ab'
<abA>->a'<bA>
<bA>->b'A
<babA>->b'<abA>
A->a'B
B->A<Ab>
B->Ab'
C->A<babA>
C->b'<bb>
<bb>->b'b'
a'->a
b'->b
